// Jest Snapshot v1, https://goo.gl/fbAQLP

exports[`renders the component EmptyResult 1`] = `
<div
  className="error-data"
>
  <div
    className="content-img"
  >
    <img
      alt="No found"
      src="noFound.png"
    />
  </div>
  <p
    className="text"
  >
    No results...
  </p>
</div>
`;
