// Jest Snapshot v1, https://goo.gl/fbAQLP

exports[`<AlertError/> Snapshot Check UI of AlertError 1`] = `
<div
  className="sc-AxiKw heECHj container row"
>
  <div
    className="col-md-6 align-self-center"
  >
    <img
      src="austronat.svg"
    />
  </div>
  <div
    className="col-md-6 align-self-center"
  >
    <h2
      className="sc-AxjAm gxygnu"
    >
      Ooops, :(
    </h2>
    <p
      className="sc-AxirZ iwDoUN"
    />
  </div>
</div>
`;
