// Jest Snapshot v1, https://goo.gl/fbAQLP

exports[`<NotFound/> Snapshot Check UI of NotFound 1`] = `
<div
  className="sc-AxjAm kSkoow container row"
>
  <div
    className="col-md-6 align-self-center"
  >
    <img
      src="austronat.svg"
    />
  </div>
  <div
    className="col-md-6 align-self-center"
  >
    <h1>
      404
    </h1>
    <h2>
      UH OH! You're lost.
    </h2>
    <p>
      The page you are looking for does not exist. How you got here is a mystery. But you can click the button below to go back to the homepage.
    </p>
    <a
      aria-current={null}
      className="btn btn-outline-secondary"
      href="/"
      onClick={[Function]}
    >
      HOME
    </a>
  </div>
</div>
`;
